[0m[1maws_security_group.sample_app: Refreshing state... [id=sg-044f05fff3fc02eec][0m
[0m[1maws_security_group_rule.allow_http_inbound: Refreshing state... [id=sgrule-3739663207][0m
[0m[1maws_instance.sample_app: Refreshing state... [id=i-052575be8f034246c][0m

[1m[36mNote:[0m[1m Objects have changed outside of OpenTofu
[0m
OpenTofu detected the following changes made outside of OpenTofu since the
last "tofu apply" which may have affected this plan:

[1m  # aws_instance.sample_app[0m has been deleted
[0m  [31m-[0m[0m resource "aws_instance" "sample_app" {
      [31m-[0m[0m id                                   = "i-052575be8f034246c" [90m-> null[0m[0m
      [31m-[0m[0m public_ip                            = "3.21.127.184" [90m-> null[0m[0m
        tags                                 = {
            "Name" = "sample-app-tofu"
        }
        [90m# (31 unchanged attributes hidden)[0m[0m

        [90m# (9 unchanged blocks hidden)[0m[0m
    }

[1m  # aws_security_group.sample_app[0m has been deleted
[0m  [31m-[0m[0m resource "aws_security_group" "sample_app" {
      [31m-[0m[0m id                     = "sg-044f05fff3fc02eec" [90m-> null[0m[0m
        name                   = "sample-app-tofu"
        tags                   = {}
        [90m# (9 unchanged attributes hidden)[0m[0m
    }


Unless you have made equivalent changes to your configuration, or ignored the
relevant attributes using ignore_changes, the following plan may include
actions to undo or respond to these changes.
[90m
─────────────────────────────────────────────────────────────────────────────[0m

OpenTofu used the selected providers to generate the following execution
plan. Resource actions are indicated with the following symbols:
  [32m+[0m create[0m

OpenTofu will perform the following actions:

[1m  # aws_instance.sample_app[0m will be created
[0m  [32m+[0m[0m resource "aws_instance" "sample_app" {
      [32m+[0m[0m ami                                  = "ami-09a734dddd73e45a3"
      [32m+[0m[0m arn                                  = (known after apply)
      [32m+[0m[0m associate_public_ip_address          = (known after apply)
      [32m+[0m[0m availability_zone                    = (known after apply)
      [32m+[0m[0m disable_api_stop                     = (known after apply)
      [32m+[0m[0m disable_api_termination              = (known after apply)
      [32m+[0m[0m ebs_optimized                        = (known after apply)
      [32m+[0m[0m enable_primary_ipv6                  = (known after apply)
      [32m+[0m[0m force_destroy                        = false
      [32m+[0m[0m get_password_data                    = false
      [32m+[0m[0m host_id                              = (known after apply)
      [32m+[0m[0m host_resource_group_arn              = (known after apply)
      [32m+[0m[0m iam_instance_profile                 = (known after apply)
      [32m+[0m[0m id                                   = (known after apply)
      [32m+[0m[0m instance_initiated_shutdown_behavior = (known after apply)
      [32m+[0m[0m instance_lifecycle                   = (known after apply)
      [32m+[0m[0m instance_state                       = (known after apply)
      [32m+[0m[0m instance_type                        = "t3.micro"
      [32m+[0m[0m ipv6_address_count                   = (known after apply)
      [32m+[0m[0m ipv6_addresses                       = (known after apply)
      [32m+[0m[0m key_name                             = (known after apply)
      [32m+[0m[0m monitoring                           = (known after apply)
      [32m+[0m[0m outpost_arn                          = (known after apply)
      [32m+[0m[0m password_data                        = (known after apply)
      [32m+[0m[0m placement_group                      = (known after apply)
      [32m+[0m[0m placement_group_id                   = (known after apply)
      [32m+[0m[0m placement_partition_number           = (known after apply)
      [32m+[0m[0m primary_network_interface_id         = (known after apply)
      [32m+[0m[0m private_dns                          = (known after apply)
      [32m+[0m[0m private_ip                           = (known after apply)
      [32m+[0m[0m public_dns                           = (known after apply)
      [32m+[0m[0m public_ip                            = (known after apply)
      [32m+[0m[0m region                               = "us-east-2"
      [32m+[0m[0m secondary_private_ips                = (known after apply)
      [32m+[0m[0m security_groups                      = (known after apply)
      [32m+[0m[0m source_dest_check                    = true
      [32m+[0m[0m spot_instance_request_id             = (known after apply)
      [32m+[0m[0m subnet_id                            = (known after apply)
      [32m+[0m[0m tags                                 = {
          [32m+[0m[0m "Name" = "sample-app-tofu"
        }
      [32m+[0m[0m tags_all                             = {
          [32m+[0m[0m "Name" = "sample-app-tofu"
        }
      [32m+[0m[0m tenancy                              = (known after apply)
      [32m+[0m[0m user_data                            = <<-EOT
            #!/usr/bin/env bash
            nohup node /home/ec2-user/app.js &
        EOT
      [32m+[0m[0m user_data_base64                     = (known after apply)
      [32m+[0m[0m user_data_replace_on_change          = false
      [32m+[0m[0m vpc_security_group_ids               = (known after apply)

      [32m+[0m[0m capacity_reservation_specification (known after apply)

      [32m+[0m[0m cpu_options (known after apply)

      [32m+[0m[0m ebs_block_device (known after apply)

      [32m+[0m[0m enclave_options (known after apply)

      [32m+[0m[0m ephemeral_block_device (known after apply)

      [32m+[0m[0m instance_market_options (known after apply)

      [32m+[0m[0m maintenance_options (known after apply)

      [32m+[0m[0m metadata_options (known after apply)

      [32m+[0m[0m network_interface (known after apply)

      [32m+[0m[0m primary_network_interface (known after apply)

      [32m+[0m[0m private_dns_name_options (known after apply)

      [32m+[0m[0m root_block_device (known after apply)
    }

[1m  # aws_security_group.sample_app[0m will be created
[0m  [32m+[0m[0m resource "aws_security_group" "sample_app" {
      [32m+[0m[0m arn                    = (known after apply)
      [32m+[0m[0m description            = "Allow HTTP traffic into the sample app"
      [32m+[0m[0m egress                 = (known after apply)
      [32m+[0m[0m id                     = (known after apply)
      [32m+[0m[0m ingress                = (known after apply)
      [32m+[0m[0m name                   = "sample-app-tofu"
      [32m+[0m[0m name_prefix            = (known after apply)
      [32m+[0m[0m owner_id               = (known after apply)
      [32m+[0m[0m region                 = "us-east-2"
      [32m+[0m[0m revoke_rules_on_delete = false
      [32m+[0m[0m tags_all               = (known after apply)
      [32m+[0m[0m vpc_id                 = (known after apply)
    }

[1m  # aws_security_group_rule.allow_http_inbound[0m will be created
[0m  [32m+[0m[0m resource "aws_security_group_rule" "allow_http_inbound" {
      [32m+[0m[0m cidr_blocks              = [
          [32m+[0m[0m "0.0.0.0/0",
        ]
      [32m+[0m[0m from_port                = 8080
      [32m+[0m[0m id                       = (known after apply)
      [32m+[0m[0m protocol                 = "tcp"
      [32m+[0m[0m region                   = "us-east-2"
      [32m+[0m[0m security_group_id        = (known after apply)
      [32m+[0m[0m security_group_rule_id   = (known after apply)
      [32m+[0m[0m self                     = false
      [32m+[0m[0m source_security_group_id = (known after apply)
      [32m+[0m[0m to_port                  = 8080
      [32m+[0m[0m type                     = "ingress"
    }

[1mPlan:[0m 3 to add, 0 to change, 0 to destroy.
[0m
Changes to Outputs:
  [33m~[0m[0m instance_id       = "i-052575be8f034246c" -> (known after apply)
  [33m~[0m[0m public_ip         = "3.21.127.184" -> (known after apply)
  [33m~[0m[0m security_group_id = "sg-044f05fff3fc02eec" -> (known after apply)
[0m[1maws_security_group.sample_app: Creating...[0m[0m
[0m[1maws_security_group.sample_app: Creation complete after 4s [id=sg-01d7dd198b51a0d48][0m
[0m[1maws_security_group_rule.allow_http_inbound: Creating...[0m[0m
[0m[1maws_instance.sample_app: Creating...[0m[0m
[0m[1maws_security_group_rule.allow_http_inbound: Creation complete after 1s [id=sgrule-4244651494][0m
[0m[1maws_instance.sample_app: Still creating... [10s elapsed][0m[0m
[0m[1maws_instance.sample_app: Creation complete after 14s [id=i-01c061cb3e6d2d139][0m
[0m[1m[32m
Apply complete! Resources: 3 added, 0 changed, 0 destroyed.
[0m[0m[1m[32m
Outputs:

[0minstance_id = "i-01c061cb3e6d2d139"
public_ip = "3.21.168.251"
security_group_id = "sg-01d7dd198b51a0d48"
